
> recipe-sharing-platform@0.0.0 build
> tsc -b && vite build

src/components/layout/Navbar.tsx(1,8): error TS6133: 'React' is declared but its value is never read.
src/components/ui/LegalModal.tsx(1,1): error TS6133: 'React' is declared but its value is never read.
src/pages/About.tsx(1,1): error TS6133: 'React' is declared but its value is never read.
src/pages/Auth.tsx(1,8): error TS6133: 'React' is declared but its value is never read.
src/pages/Auth.tsx(3,1): error TS6133: 'Link' is declared but its value is never read.
src/pages/Feed.tsx(1,8): error TS6133: 'React' is declared but its value is never read.
src/pages/Feed.tsx(4,10): error TS6133: 'FiFilter' is declared but its value is never read.
src/pages/Home.tsx(1,8): error TS6133: 'React' is declared but its value is never read.
