src/components/layout/Footer.tsx(1,1): error TS6133: 'React' is declared but its value is never read.
src/components/layout/Navbar.tsx(1,8): error TS6133: 'React' is declared but its value is never read.
src/components/recipe/CategoryCard.tsx(1,1): error TS6133: 'React' is declared but its value is never read.
src/components/recipe/RecipeCard.tsx(1,8): error TS6133: 'React' is declared but its value is never read.
src/components/recipe/RecipeCard.tsx(5,10): error TS1484: 'Recipe' is a type and must be imported using a type-only import when 'verbatimModuleSyntax' is enabled.
src/components/ui/Button.tsx(1,17): error TS1484: 'ButtonHTMLAttributes' is a type and must be imported using a type-only import when 'verbatimModuleSyntax' is enabled.
src/components/ui/Input.tsx(1,17): error TS1484: 'InputHTMLAttributes' is a type and must be imported using a type-only import when 'verbatimModuleSyntax' is enabled.
src/pages/About.tsx(1,1): error TS6133: 'React' is declared but its value is never read.
src/pages/Auth.tsx(1,8): error TS6133: 'React' is declared but its value is never read.
src/pages/Auth.tsx(3,1): error TS6133: 'Link' is declared but its value is never read.
src/pages/Feed.tsx(1,8): error TS6133: 'React' is declared but its value is never read.
src/pages/Home.tsx(1,1): error TS6133: 'React' is declared but its value is never read.
src/pages/Profile.tsx(1,8): error TS6133: 'React' is declared but its value is never read.
src/pages/RecipeDetails.tsx(1,8): error TS6133: 'React' is declared but its value is never read.
src/pages/RecipeDetails.tsx(4,67): error TS2305: Module '"react-icons/fi"' has no exported member 'FiChefHat'.
